// Jest Snapshot v1, https://goo.gl/fbAQLP

exports[`Button should render without failing 1`] = `
<StyledComponent
  forwardedComponent={
    Object {
      "$$typeof": Symbol(react.forward_ref),
      "attrs": Array [],
      "componentStyle": ComponentStyle {
        "componentId": "sc-bdVaJa",
        "isStatic": true,
        "rules": Array [
          "
  border-radius: 8px;
  padding: 15px 35px;

  font-size: 18px;
  font-family: ",
          "Roboto",
          ";
  text-transform: uppercase;

  color: ",
          "#ffffff",
          ";
  background-color: ",
          "#6f42c1",
          ";
  border: 0;
  cursor: pointer;

  ",
          "
    box-shadow: 0 0 8px ",
          "rgba(0,0,0,0.5)",
          ";
  ",
          "

  transition: .5s background-color;
  &:hover {
    background-color: ",
          "#2d1a50",
          ";
  }
",
        ],
      },
      "displayName": "styled.button",
      "foldedComponentIds": Array [],
      "render": [Function],
      "styledComponentId": "sc-bdVaJa",
      "target": "button",
      "toString": [Function],
      "warnTooManyClasses": [Function],
      "withComponent": [Function],
    }
  }
  forwardedRef={null}
/>
`;
