// Jest Snapshot v1, https://goo.gl/fbAQLP

exports[`Face should render without failing 1`] = `
.c0 {
  width: 100%;
  height: 100%;
  object-fit: contain;
  padding: 20px;
  border-radius: 8px;
  position: absolute;
  background: #ecf0f1;
  -webkit-transition: opacity 0.4s;
  transition: opacity 0.4s;
  -webkit-backface-visibility: hidden;
  backface-visibility: hidden;
  -webkit-backface-visibility: hidden;
}

<Face>
  <StyledComponent
    forwardedComponent={
      Object {
        "$$typeof": Symbol(react.forward_ref),
        "attrs": Array [],
        "componentStyle": ComponentStyle {
          "componentId": "sc-bdVaJa",
          "isStatic": false,
          "lastClassName": "c0",
          "rules": Array [
            "
  width: 100%;
  height: 100%;
  object-fit: contain;
  padding: 20px;
  border-radius: 8px;
  position: absolute;
  background: #ecf0f1;

  transition: opacity 0.4s;
  backface-visibility: hidden;
  -webkit-backface-visibility: hidden;

  ",
            [Function],
            "
  ",
            [Function],
            "
",
          ],
        },
        "displayName": "Face",
        "foldedComponentIds": Array [],
        "render": [Function],
        "styledComponentId": "sc-bdVaJa",
        "target": [Function],
        "toString": [Function],
        "warnTooManyClasses": [Function],
        "withComponent": [Function],
        Symbol(Symbol.hasInstance): [Function],
      }
    }
    forwardedRef={null}
  >
    <Component
      className="c0"
    >
      <Image
        className="c0"
      >
        <img
          className="c0"
        />
      </Image>
    </Component>
  </StyledComponent>
</Face>
`;
