// Jest Snapshot v1, https://goo.gl/fbAQLP

exports[`COLORS should have expected values 1`] = `
Object {
  "black": "#000000",
  "blue": "#007bff",
  "cyan": "#17a2b8",
  "gray100": "#f8f9fa",
  "gray200": "#e9ecef",
  "gray300": "#dee2e6",
  "gray400": "#ced4da",
  "gray500": "#adb5bd",
  "gray600": "#6c757d",
  "gray700": "#495057",
  "gray800": "#343a40",
  "gray900": "#212529",
  "green": "#28a745",
  "indigo": "#6610f2",
  "orange": "#fd7e14",
  "pink": "#e83e8c",
  "purple": "#6f42c1",
  "red": "#dc3545",
  "teal": "#20c997",
  "transparent": "rgba(0,0,0,0)",
  "white": "#ffffff",
  "yellow": "#ffc107",
}
`;

exports[`TRANSPARENT_BLACK should have expected values 1`] = `
Object {
  "hard": "rgba(0,0,0,0.7)",
  "normal": "rgba(0,0,0,0.5)",
  "soft": "rgba(0,0,0,0.2)",
}
`;
