// Jest Snapshot v1, https://goo.gl/fbAQLP

exports[`SIZES should have expected values 1`] = `
Object {
  "navHeight": "60px",
}
`;
